// Jest Snapshot v1, https://jestjs.io/docs/snapshot-testing

exports[`카드 스냅샷 1`] = `
<div>
  <div
    class="rounded-lg bg-white p-4 shadow-md"
  >
    <h2
      class="text-lg font-bold"
    >
      제목
    </h2>
    <p
      class="text-sm text-gray-600"
    >
      설명
    </p>
    <img
      alt="제목"
      class="h-40 w-full object-cover"
      src="https://example.com/image.jpg"
    />
  </div>
</div>
`;
